; ModuleID = 'my cool jit'
source_filename = "my cool jit"

define i64 @foo(i64 %a, i64 %b, i64 %c) {
entry:
  %addtmp = add i64 %a, 10
  %multmp = mul i64 %addtmp, %b
  %divtmp = sdiv exact i64 1, %c
  %subtmp = sub i64 %multmp, %divtmp
  ret i64 %subtmp
}

define i64 @main() {
entry:
  %calltmp = call i64 @foo(i64 1, i64 2, i64 3)
  ret i64 %calltmp
}
