(fn (proto foo
           ((param var a)
            (param var b)
            (param var c)))
    (    (-
     (*
      (+
       (id a)
       (int 10))
      (id b))
     (/
      (int 1)
      (id c)))))
(fn (proto main ())
    ((call foo
           (int 1)
           (int 2)
           (int 3))))
(fn (proto test1
           ((param var x)))
    (    (+
     (+
      (int 1)
      (int 2))
     (id x))))
(fn (proto test2
           ((param var x)))
    (    (*
     (+
      (+
       (int 1)
       (int 2))
      (id x))
     (+
      (id x)
      (+
       (int 1)
       (int 2))))))
