(keyword def 1:0)
(id foo 1:4)
(op ( 1:7)
(id a 1:8)
(op , 1:9)
(id b 1:11)
(op , 1:12)
(id c 1:14)
(op ) 1:15)
(op { 1:17)
(op ( 2:3)
(id a 2:4)
(op + 2:6)
(int 10 2:8)
(op ) 2:10)
(op * 2:12)
(id b 2:14)
(op - 2:16)
(int 1 2:18)
(op / 2:20)
(id c 2:22)
(op } 3:0)
(keyword def 5:0)
(id main 5:4)
(op ( 5:8)
(op ) 5:9)
(op { 5:11)
(id foo 6:2)
(op ( 6:5)
(int 1 6:6)
(op , 6:7)
(int 2 6:9)
(op , 6:10)
(int 3 6:12)
(op ) 6:13)
(op } 7:0)
(eof 0:0)
