(fn (proto foo1
           ((param var a)
            (param var b)
            (param var c)))
    ((val d
          (*
           (int 10)
           (id c)))
     (if (id d)
         ((+
          (id a)
          (int 10))
         ((if (id a)
             ((-
              (id a)
              (int 10))
             ((*
              (id a)
              (int 10))))))
(fn (proto main ())
    ((call foo
           (int 1)
           (int 2)
           (int 3))
     (call foo1
            (int 1)
            (int 2)
            (int 3))
     (call foo2
            (int 1)
            (int 2)
            (int 3))))
(fn (proto test1
           ((param var x)))
    ((+
     (+
      (int 1)
      (int 2))
     (id x))))
(fn (proto test2
           ((param var x)))
    ((*
     (+
      (+
       (int 1)
       (int 2))
      (id x))
     (+
      (id x)
      (+
       (int 1)
       (int 2))))))
