(keyword def 1:0)
(id foo 1:4)
(op ( 1:7)
(id a 1:8)
(op , 1:9)
(id b 1:11)
(op , 1:12)
(id c 1:14)
(op ) 1:15)
(op { 1:17)
(keyword val 2:3)
(id bar 2:7)
(op = 2:11)
(op ( 2:13)
(id a 2:14)
(op + 2:16)
(int 10 2:18)
(op ) 2:20)
(op * 2:22)
(id b 2:24)
(op - 2:26)
(int 1 2:28)
(op / 2:30)
(id c 2:32)
(id bar 3:3)
(op } 4:0)
(keyword def 6:0)
(id main 6:4)
(op ( 6:8)
(op ) 6:9)
(op { 6:11)
(id foo 7:2)
(op ( 7:5)
(int 1 7:6)
(op , 7:7)
(int 2 7:9)
(op , 7:10)
(int 3 7:12)
(op ) 7:13)
(op } 8:0)
(eof 0:0)
