(keyword fn 1:0)
(id foo1 1:3)
(op ( 1:7)
(id a 1:8)
(op , 1:9)
(id b 1:11)
(op , 1:12)
(id c 1:14)
(op ) 1:15)
(op = 1:17)
(op { 1:19)
(keyword val 2:2)
(id d 2:6)
(op = 2:8)
(int 10 2:10)
(op * 2:13)
(id c 2:15)
(keyword if 3:2)
(id d 3:5)
(op { 3:7)
(op ( 4:4)
(id a 4:5)
(op + 4:7)
(int 10 4:9)
(op ) 4:11)
(op } 5:2)
(keyword elif 5:4)
(id a 5:9)
(op { 5:11)
(op ( 6:4)
(id a 6:5)
(op - 6:7)
(int 10 6:9)
(op ) 6:11)
(op } 7:2)
(keyword else 7:4)
(op { 7:9)
(op ( 8:4)
(id a 8:5)
(op * 8:7)
(int 10 8:9)
(op ) 8:11)
(op } 9:2)
(op } 10:0)
(keyword fn 12:0)
(id main 12:3)
(op ( 12:7)
(op ) 12:8)
(op = 12:10)
(op { 12:12)
(id foo 13:2)
(op ( 13:5)
(int 1 13:6)
(op , 13:7)
(int 2 13:9)
(op , 13:10)
(int 3 13:12)
(op ) 13:13)
(op } 14:0)
(keyword fn 16:0)
(id test1 16:3)
(op ( 16:8)
(id x 16:9)
(op ) 16:10)
(op = 16:12)
(int 1 16:14)
(op + 16:16)
(int 2 16:18)
(op + 16:20)
(id x 16:22)
(keyword fn 17:0)
(id test2 17:3)
(op ( 17:8)
(id x 17:9)
(op ) 17:10)
(op = 17:12)
(op ( 17:14)
(int 1 17:15)
(op + 17:16)
(int 2 17:17)
(op + 17:18)
(id x 17:19)
(op ) 17:20)
(op * 17:21)
(op ( 17:22)
(id x 17:23)
(op + 17:24)
(op ( 17:25)
(int 1 17:26)
(op + 17:27)
(int 2 17:28)
(op ) 17:29)
(op ) 17:30)
(eof 0:0)
